gateway (30.33, 94.78) @ 2317 m (SRTM)
gridding 121x121 = 14641 points over [30.22,30.44]x[94.67,94.89] at 868 MHz, 90% reliability

  row 1/121  (0s elapsed)
  row 21/121  (10s elapsed)
  row 41/121  (16s elapsed)
  row 61/121  (21s elapsed)
  row 81/121  (26s elapsed)
  row 101/121  (32s elapsed)
  row 121/121  (39s elapsed)
==========================================================================
SINGLE-GATEWAY COVERAGE, REAL TERRAIN (Bome/Yigong, Tibet), 868 MHz, 90% reliability
==========================================================================
grid                  : 121x121 = 14641 points (~200 m spacing)
gateway               : 30.330N 94.780E
reachable (some SF)   :  1689  ( 11.5 %)
UNREACHABLE (even SF12): 12952  ( 88.5 %)

breakdown by lowest SF that closes:
  SF7 :  1265  (  8.6 %)
  SF8 :    91  (  0.6 %)
  SF9 :   102  (  0.7 %)
  SF10:    87  (  0.6 %)
  SF11:    79  (  0.5 %)
  SF12:    65  (  0.4 %)

loss over reachable points: min 0.0  median 113.4  max 154.0 dB
loss over UNREACHABLE pts : min 154.0  median 206.6  max 234.4 dB

--------------------------------------------------------------------------
GREEDY RELAY PLACEMENT (relay also on the ridge; same radio assumptions)
--------------------------------------------------------------------------
unreachable points to serve: 12952
candidate relay sites      : 225
target points evaluated    : 405
  candidate 1/225  (1s)
  candidate 26/225  (26s)
  candidate 51/225  (40s)
  candidate 76/225  (54s)
  candidate 101/225  (66s)
  candidate 126/225  (76s)
  candidate 151/225  (88s)
  candidate 176/225  (99s)
  candidate 201/225  (111s)
/home/orion/.config/matplotlib is not a writable directory
Matplotlib created a temporary cache directory at /tmp/matplotlib-mzc8ssky because there was an issue with the default path (/home/orion/.config/matplotlib); it is highly recommended to set the MPLCONFIGDIR environment variable to a writable directory, in particular to speed up the import of Matplotlib and to better support multiprocessing.

rank    relay lat  relay lon   unreachable served
1          30.227     94.824                   99
2          30.315     94.809                   88
3          30.330     94.692                   84
4          30.227     94.795                   82
5          30.227     94.721                   79

cumulative coverage if the top-k relays are deployed (upper bound, sites reused):
  k=1   newly served ~ 24.4% of unreachable  ->  overall coverage ~ 33.2%
  k=2   newly served ~ 21.7% of unreachable  ->  overall coverage ~ 30.8%
  k=3   newly served ~ 20.7% of unreachable  ->  overall coverage ~ 29.9%
  k=5   newly served ~ 19.5% of unreachable  ->  overall coverage ~ 28.8%
  k=10  newly served ~ 17.8% of unreachable  ->  overall coverage ~ 27.3%

wrote /home/orion/Communications/应急通信/project1/agentic communication/results/coverage_grid.csv and coverage_summary.txt
wrote /home/orion/Communications/应急通信/project1/agentic communication/results/coverage_map.png
